warning: profiles for the non root package will be ignored, specify profiles at the workspace root:
package:   /home/daretechie/DevProject/GitHub/agentkern/packages/sdk-node/Cargo.toml
workspace: /home/daretechie/DevProject/GitHub/agentkern/Cargo.toml
warning: unexpected `cfg` condition name: `kani`
 --> packages/pillars/treasury/src/verification.rs:6:7
  |
6 | #[cfg(kani)]
  |       ^^^^
  |
  = help: expected names are: `docsrs`, `feature`, and `test` and 31 more
  = help: consider using a Cargo feature instead
  = help: or consider adding in `Cargo.toml` the `check-cfg` lint config for the lint:
           [lints.rust]
           unexpected_cfgs = { level = "warn", check-cfg = ['cfg(kani)'] }
  = help: or consider adding `println!("cargo::rustc-check-cfg=cfg(kani)");` to the top of the `build.rs`
  = note: see <https://doc.rust-lang.org/nightly/rustc/check-cfg/cargo-specifics.html> for more information about checking conditional configuration
  = note: `#[warn(unexpected_cfgs)]` on by default

warning: unused import: `Duration`
 --> packages/pillars/treasury/src/db.rs:6:24
  |
6 | use chrono::{DateTime, Duration, Utc};
  |                        ^^^^^^^^
  |
note: the lint level is defined here
 --> packages/pillars/treasury/src/lib.rs:1:9
  |
1 | #![warn(unused)] // Production: warn on unused code
  |         ^^^^^^
  = note: `#[warn(unused_imports)]` implied by `#[warn(unused)]`

warning: `agentkern-treasury` (lib) generated 2 warnings (run `cargo fix --lib -p agentkern-treasury` to apply 1 suggestion)
    Checking agentkern-gate v0.1.0 (/home/daretechie/DevProject/GitHub/agentkern/packages/pillars/gate)
error[E0599]: no method named `as_bytes` found for struct `pqcrypto_dilithium::dilithium5::DetachedSignature` in the current scope
   --> packages/pillars/gate/src/crypto_agility.rs:388:69
    |
388 |             Ok(base64::engine::general_purpose::STANDARD.encode(sig.as_bytes()))
    |                                                                     ^^^^^^^^ method not found in `pqcrypto_dilithium::dilithium5::DetachedSignature`
    |
   ::: /home/daretechie/.cargo/registry/src/index.crates.io-1949cf8c6b5b557f/pqcrypto-traits-0.3.5/src/sign.rs:44:8
    |
 44 |     fn as_bytes(&self) -> &[u8];
    |        -------- the method is available for `pqcrypto_dilithium::dilithium5::DetachedSignature` here
    |
    = help: items from traits can only be used if the trait is in scope
help: trait `DetachedSignature` which provides `as_bytes` is implemented but not in scope; perhaps you want to import it
    |
 21 + use pqcrypto_traits::sign::DetachedSignature;
    |

warning: unused import: `SignedMessage`
   --> packages/pillars/gate/src/crypto_agility.rs:494:52
    |
494 |             use pqcrypto_traits::sign::{PublicKey, SignedMessage, DetachedSignature};
    |                                                    ^^^^^^^^^^^^^
    |
    = note: `#[warn(unused_imports)]` (part of `#[warn(unused)]`) on by default

warning: unused variable: `e`
   --> packages/pillars/gate/src/crypto_agility.rs:506:27
    |
506 |                 .map_err(|e| CryptoError::VerificationFailed)?;
    |                           ^ help: if this is intentional, prefix it with an underscore: `_e`
    |
    = note: `#[warn(unused_variables)]` (part of `#[warn(unused)]`) on by default

warning: unused variable: `e`
   --> packages/pillars/gate/src/crypto_agility.rs:500:27
    |
500 |                 .map_err(|e| CryptoError::InvalidKeyFormat)?;
    |                           ^ help: if this is intentional, prefix it with an underscore: `_e`

warning: variable does not need to be mutable
  --> packages/pillars/gate/src/provenance.rs:63:13
   |
63 |         let mut file = File::open(model_path)?;
   |             ----^^^^
   |             |
   |             help: remove this `mut`
   |
   = note: `#[warn(unused_mut)]` (part of `#[warn(unused)]`) on by default

For more information about this error, try `rustc --explain E0599`.
warning: `agentkern-gate` (lib) generated 4 warnings
error: could not compile `agentkern-gate` (lib) due to 1 previous error; 4 warnings emitted
