warning: unexpected `cfg` condition name: `kani`
 --> packages/pillars/treasury/src/verification.rs:6:7
  |
6 | #[cfg(kani)]
  |       ^^^^
  |
  = help: expected names are: `docsrs`, `feature`, and `test` and 31 more
  = help: consider using a Cargo feature instead
  = help: or consider adding in `Cargo.toml` the `check-cfg` lint config for the lint:
           [lints.rust]
           unexpected_cfgs = { level = "warn", check-cfg = ['cfg(kani)'] }
  = help: or consider adding `println!("cargo::rustc-check-cfg=cfg(kani)");` to the top of the `build.rs`
  = note: see <https://doc.rust-lang.org/nightly/rustc/check-cfg/cargo-specifics.html> for more information about checking conditional configuration
  = note: `#[warn(unexpected_cfgs)]` on by default

warning: unused import: `Duration`
 --> packages/pillars/treasury/src/db.rs:6:24
  |
6 | use chrono::{DateTime, Duration, Utc};
  |                        ^^^^^^^^
  |
note: the lint level is defined here
 --> packages/pillars/treasury/src/lib.rs:1:9
  |
1 | #![warn(unused)] // Production: warn on unused code
  |         ^^^^^^
  = note: `#[warn(unused_imports)]` implied by `#[warn(unused)]`

[2m2026-01-13T06:27:56.483807Z[0m [35mTRACE[0m [2mtower::buffer::worker[0m[2m:[0m worker polling for next message
[2m2026-01-13T06:27:56.483835Z[0m [32m INFO[0m [2mgate_server[0m[2m:[0m 🚀 AgentKern-Gate server running on http://0.0.0.0:3001
[2m2026-01-13T06:27:56.483900Z[0m [35mTRACE[0m [2mtower::buffer::worker[0m[2m:[0m worker polling for next message
[2m2026-01-13T06:27:56.483900Z[0m [35mTRACE[0m [2mtower::buffer::worker[0m[2m:[0m worker polling for next message
[2m2026-01-13T06:27:56.483895Z[0m [35mTRACE[0m [2mtower::buffer::worker[0m[2m:[0m worker polling for next message
[2m2026-01-13T06:27:56.483920Z[0m [35mTRACE[0m [2mtower::buffer::worker[0m[2m:[0m worker polling for next message
[2m2026-01-13T06:27:56.483927Z[0m [35mTRACE[0m [2mtower::buffer::worker[0m[2m:[0m worker polling for next message
[2m2026-01-13T06:27:56.483936Z[0m [35mTRACE[0m [2mtower::buffer::worker[0m[2m:[0m worker polling for next message
[2m2026-01-13T06:27:56.483937Z[0m [35mTRACE[0m [2mtower::buffer::worker[0m[2m:[0m worker polling for next message
[2m2026-01-13T06:27:56.483943Z[0m [35mTRACE[0m [2mtower::buffer::worker[0m[2m:[0m worker polling for next message
[2m2026-01-13T06:27:56.483973Z[0m [35mTRACE[0m [2mtower::buffer::worker[0m[2m:[0m worker polling for next message
[2m2026-01-13T06:27:56.484039Z[0m [35mTRACE[0m [2mtower::buffer::worker[0m[2m:[0m worker polling for next message
Error: Failed to bind to 0.0.0.0:3001: Address already in use (os error 98)
