warning: profiles for the non root package will be ignored, specify profiles at the workspace root:
package:   /home/daretechie/DevProject/GitHub/agentkern/packages/sdk-node/Cargo.toml
workspace: /home/daretechie/DevProject/GitHub/agentkern/Cargo.toml
warning: unexpected `cfg` condition name: `kani`
 --> packages/pillars/treasury/src/verification.rs:6:7
  |
6 | #[cfg(kani)]
  |       ^^^^
  |
  = help: expected names are: `docsrs`, `feature`, and `test` and 31 more
  = help: consider using a Cargo feature instead
  = help: or consider adding in `Cargo.toml` the `check-cfg` lint config for the lint:
           [lints.rust]
           unexpected_cfgs = { level = "warn", check-cfg = ['cfg(kani)'] }
  = help: or consider adding `println!("cargo::rustc-check-cfg=cfg(kani)");` to the top of the `build.rs`
  = note: see <https://doc.rust-lang.org/nightly/rustc/check-cfg/cargo-specifics.html> for more information about checking conditional configuration
  = note: `#[warn(unexpected_cfgs)]` on by default

warning: unused import: `Duration`
 --> packages/pillars/treasury/src/db.rs:6:24
  |
6 | use chrono::{DateTime, Duration, Utc};
  |                        ^^^^^^^^
  |
note: the lint level is defined here
 --> packages/pillars/treasury/src/lib.rs:1:9
  |
1 | #![warn(unused)] // Production: warn on unused code
  |         ^^^^^^
  = note: `#[warn(unused_imports)]` implied by `#[warn(unused)]`

warning: `agentkern-treasury` (lib) generated 2 warnings (run `cargo fix --lib -p agentkern-treasury` to apply 1 suggestion)
    Finished `dev` profile [unoptimized + debuginfo] target(s) in 1.22s
     Running `target/debug/gate-server`
[2m2026-01-13T06:27:28.622722Z[0m [35mTRACE[0m [2mtower::buffer::worker[0m[2m:[0m worker polling for next message
[2m2026-01-13T06:27:28.622768Z[0m [35mTRACE[0m [2mtower::buffer::worker[0m[2m:[0m worker polling for next message
[2m2026-01-13T06:27:28.622790Z[0m [35mTRACE[0m [2mtower::buffer::worker[0m[2m:[0m worker polling for next message
[2m2026-01-13T06:27:28.622796Z[0m [35mTRACE[0m [2mtower::buffer::worker[0m[2m:[0m worker polling for next message
[2m2026-01-13T06:27:28.622737Z[0m [35mTRACE[0m [2mtower::buffer::worker[0m[2m:[0m worker polling for next message
[2m2026-01-13T06:27:28.622827Z[0m [35mTRACE[0m [2mtower::buffer::worker[0m[2m:[0m worker polling for next message
[2m2026-01-13T06:27:28.622791Z[0m [35mTRACE[0m [2mtower::buffer::worker[0m[2m:[0m worker polling for next message
[2m2026-01-13T06:27:28.622803Z[0m [35mTRACE[0m [2mtower::buffer::worker[0m[2m:[0m worker polling for next message
[2m2026-01-13T06:27:28.622833Z[0m [35mTRACE[0m [2mtower::buffer::worker[0m[2m:[0m worker polling for next message
[2m2026-01-13T06:27:28.622722Z[0m [35mTRACE[0m [2mtower::buffer::worker[0m[2m:[0m worker polling for next message
[2m2026-01-13T06:27:28.622722Z[0m [32m INFO[0m [2mgate_server[0m[2m:[0m 🚀 AgentKern-Gate server running on http://0.0.0.0:3001
[2m2026-01-13T06:27:28.623046Z[0m [35mTRACE[0m [2mtower::buffer::worker[0m[2m:[0m worker polling for next message
[2m2026-01-13T06:27:28.623062Z[0m [35mTRACE[0m [2mtower::buffer::worker[0m[2m:[0m worker polling for next message
[2m2026-01-13T06:27:28.623089Z[0m [35mTRACE[0m [2mtower::buffer::worker[0m[2m:[0m worker polling for next message
[2m2026-01-13T06:27:28.623098Z[0m [35mTRACE[0m [2mtower::buffer::worker[0m[2m:[0m worker polling for next message
[2m2026-01-13T06:27:28.623106Z[0m [35mTRACE[0m [2mtower::buffer::worker[0m[2m:[0m worker polling for next message
Error: Failed to bind to 0.0.0.0:3001: Address already in use (os error 98)
